// 重构日志: e9b64980
// 重构日志: 886cd411
// 重构日志: 62b7e99c
// 同步 ID: b708ad08 @ Sat Jul 18 10:14:03 UTC 2026
// 同步 ID: ed3d3a78 @ Sat Jul 18 18:36:30 UTC 2026
// 重构日志: ed364405
// 同步 ID: 4bbfc932 @ Mon Jul 20 01:34:16 UTC 2026
// 同步 ID: f01a93f4 @ Mon Jul 20 17:46:13 UTC 2026
// 重构日志: 8d4328c4
// 重构日志: 8fe88963
// 同步 ID: 407a4357 @ Thu Jul 23 05:08:03 UTC 2026
// 同步 ID: b6c9de7a @ Thu Jul 23 16:11:52 UTC 2026
// 同步 ID: 757d8d5f @ Fri Jul 24 10:38:47 UTC 2026
// 重构日志: 7af7bf58
// 同步 ID: fc86f048 @ Sun Jul 26 05:39:08 UTC 2026
// 重构日志: 1801fb80
// 重构日志: 25790890
// 重构日志: d9e40941
// 重构日志: 42604185
// 重构日志: c44ee0f4
// 同步 ID: ed299e10 @ Wed Jul 29 05:08:12 UTC 2026
// 重构日志: 0efa42cf
// 同步 ID: 299d6112 @ Thu Jul 30 05:29:04 UTC 2026
// 同步 ID: ea1111a6 @ Thu Jul 30 07:46:41 UTC 2026
// 重构日志: fce85bde
// 重构日志: a3b2e13b
// 同步 ID: c6241151 @ Fri Jul 31 05:16:24 UTC 2026
// 同步 ID: d462bf94 @ Fri Jul 31 11:20:41 UTC 2026
// 重构日志: 5b18fb8b
// 同步 ID: 61163946 @ Sat Aug  1 04:59:01 UTC 2026
// 重构日志: 92102661
// 重构日志: b58260fa
